Archive member included to satisfy reference by file (symbol)

C:/ST/STM32CubeIDE_1.14.1/STM32CubeIDE/plugins/com.st.stm32cube.ide.mcu.externaltools.gnu-tools-for-stm32.11.3.rel1.win32_1.1.100.202309141235/tools/bin/../lib/gcc/arm-none-eabi/11.3.1/../../../../arm-none-eabi/lib/thumb/v6-m/nofp\libc_nano.a(libc_a-exit.o)
                              C:/ST/STM32CubeIDE_1.14.1/STM32CubeIDE/plugins/com.st.stm32cube.ide.mcu.externaltools.gnu-tools-for-stm32.11.3.rel1.win32_1.1.100.202309141235/tools/bin/../lib/gcc/arm-none-eabi/11.3.1/../../../../arm-none-eabi/lib/thumb/v6-m/nofp/crt0.o (exit)
C:/ST/STM32CubeIDE_1.14.1/STM32CubeIDE/plugins/com.st.stm32cube.ide.mcu.externaltools.gnu-tools-for-stm32.11.3.rel1.win32_1.1.100.202309141235/tools/bin/../lib/gcc/arm-none-eabi/11.3.1/../../../../arm-none-eabi/lib/thumb/v6-m/nofp\libc_nano.a(libc_a-findfp.o)
                              C:/ST/STM32CubeIDE_1.14.1/STM32CubeIDE/plugins/com.st.stm32cube.ide.mcu.externaltools.gnu-tools-for-stm32.11.3.rel1.win32_1.1.100.202309141235/tools/bin/../lib/gcc/arm-none-eabi/11.3.1/../../../../arm-none-eabi/lib/thumb/v6-m/nofp\libc_nano.a(libc_a-exit.o) (__stdio_exit_handler)
C:/ST/STM32CubeIDE_1.14.1/STM32CubeIDE/plugins/com.st.stm32cube.ide.mcu.externaltools.gnu-tools-for-stm32.11.3.rel1.win32_1.1.100.202309141235/tools/bin/../lib/gcc/arm-none-eabi/11.3.1/../../../../arm-none-eabi/lib/thumb/v6-m/nofp\libc_nano.a(libc_a-fwalk.o)
                              C:/ST/STM32CubeIDE_1.14.1/STM32CubeIDE/plugins/com.st.stm32cube.ide.mcu.externaltools.gnu-tools-for-stm32.11.3.rel1.win32_1.1.100.202309141235/tools/bin/../lib/gcc/arm-none-eabi/11.3.1/../../../../arm-none-eabi/lib/thumb/v6-m/nofp\libc_nano.a(libc_a-findfp.o) (_fwalk_sglue)
C:/ST/STM32CubeIDE_1.14.1/STM32CubeIDE/plugins/com.st.stm32cube.ide.mcu.externaltools.gnu-tools-for-stm32.11.3.rel1.win32_1.1.100.202309141235/tools/bin/../lib/gcc/arm-none-eabi/11.3.1/../../../../arm-none-eabi/lib/thumb/v6-m/nofp\libc_nano.a(libc_a-stdio.o)
                              C:/ST/STM32CubeIDE_1.14.1/STM32CubeIDE/plugins/com.st.stm32cube.ide.mcu.externaltools.gnu-tools-for-stm32.11.3.rel1.win32_1.1.100.202309141235/tools/bin/../lib/gcc/arm-none-eabi/11.3.1/../../../../arm-none-eabi/lib/thumb/v6-m/nofp\libc_nano.a(libc_a-findfp.o) (__sread)
C:/ST/STM32CubeIDE_1.14.1/STM32CubeIDE/plugins/com.st.stm32cube.ide.mcu.externaltools.gnu-tools-for-stm32.11.3.rel1.win32_1.1.100.202309141235/tools/bin/../lib/gcc/arm-none-eabi/11.3.1/../../../../arm-none-eabi/lib/thumb/v6-m/nofp\libc_nano.a(libc_a-memset.o)
                              C:/ST/STM32CubeIDE_1.14.1/STM32CubeIDE/plugins/com.st.stm32cube.ide.mcu.externaltools.gnu-tools-for-stm32.11.3.rel1.win32_1.1.100.202309141235/tools/bin/../lib/gcc/arm-none-eabi/11.3.1/../../../../arm-none-eabi/lib/thumb/v6-m/nofp/crt0.o (memset)
C:/ST/STM32CubeIDE_1.14.1/STM32CubeIDE/plugins/com.st.stm32cube.ide.mcu.externaltools.gnu-tools-for-stm32.11.3.rel1.win32_1.1.100.202309141235/tools/bin/../lib/gcc/arm-none-eabi/11.3.1/../../../../arm-none-eabi/lib/thumb/v6-m/nofp\libc_nano.a(libc_a-closer.o)
                              C:/ST/STM32CubeIDE_1.14.1/STM32CubeIDE/plugins/com.st.stm32cube.ide.mcu.externaltools.gnu-tools-for-stm32.11.3.rel1.win32_1.1.100.202309141235/tools/bin/../lib/gcc/arm-none-eabi/11.3.1/../../../../arm-none-eabi/lib/thumb/v6-m/nofp\libc_nano.a(libc_a-stdio.o) (_close_r)
C:/ST/STM32CubeIDE_1.14.1/STM32CubeIDE/plugins/com.st.stm32cube.ide.mcu.externaltools.gnu-tools-for-stm32.11.3.rel1.win32_1.1.100.202309141235/tools/bin/../lib/gcc/arm-none-eabi/11.3.1/../../../../arm-none-eabi/lib/thumb/v6-m/nofp\libc_nano.a(libc_a-reent.o)
                              C:/ST/STM32CubeIDE_1.14.1/STM32CubeIDE/plugins/com.st.stm32cube.ide.mcu.externaltools.gnu-tools-for-stm32.11.3.rel1.win32_1.1.100.202309141235/tools/bin/../lib/gcc/arm-none-eabi/11.3.1/../../../../arm-none-eabi/lib/thumb/v6-m/nofp\libc_nano.a(libc_a-closer.o) (errno)
C:/ST/STM32CubeIDE_1.14.1/STM32CubeIDE/plugins/com.st.stm32cube.ide.mcu.externaltools.gnu-tools-for-stm32.11.3.rel1.win32_1.1.100.202309141235/tools/bin/../lib/gcc/arm-none-eabi/11.3.1/../../../../arm-none-eabi/lib/thumb/v6-m/nofp\libc_nano.a(libc_a-impure.o)
                              C:/ST/STM32CubeIDE_1.14.1/STM32CubeIDE/plugins/com.st.stm32cube.ide.mcu.externaltools.gnu-tools-for-stm32.11.3.rel1.win32_1.1.100.202309141235/tools/bin/../lib/gcc/arm-none-eabi/11.3.1/../../../../arm-none-eabi/lib/thumb/v6-m/nofp\libc_nano.a(libc_a-reent.o) (_impure_ptr)
C:/ST/STM32CubeIDE_1.14.1/STM32CubeIDE/plugins/com.st.stm32cube.ide.mcu.externaltools.gnu-tools-for-stm32.11.3.rel1.win32_1.1.100.202309141235/tools/bin/../lib/gcc/arm-none-eabi/11.3.1/../../../../arm-none-eabi/lib/thumb/v6-m/nofp\libc_nano.a(libc_a-lseekr.o)
[...]
Memory Configuration

Name             Origin             Length             Attributes
RAM              0x0000000020000000 0x0000000000003000 xrw
FLASH            0x0000000008000000 0x0000000000008000 xr
*default*        0x0000000000000000 0xffffffffffffffff

Linker script and memory map

LOAD C:/ST/STM32CubeIDE_1.14.1/STM32CubeIDE/plugins/com.st.stm32cube.ide.mcu.externaltools.gnu-tools-for-stm32.11.3.rel1.win32_1.1.100.202309141235/tools/bin/../lib/gcc/arm-none-eabi/11.3.1/thumb/v6-m/nofp/crti.o
LOAD C:/ST/STM32CubeIDE_1.14.1/STM32CubeIDE/plugins/com.st.stm32cube.ide.mcu.externaltools.gnu-tools-for-stm32.11.3.rel1.win32_1.1.100.202309141235/tools/bin/../lib/gcc/arm-none-eabi/11.3.1/thumb/v6-m/nofp/crtbegin.o
LOAD C:/ST/STM32CubeIDE_1.14.1/STM32CubeIDE/plugins/com.st.stm32cube.ide.mcu.externaltools.gnu-tools-for-stm32.11.3.rel1.win32_1.1.100.202309141235/tools/bin/../lib/gcc/arm-none-eabi/11.3.1/../../../../arm-none-eabi/lib/thumb/v6-m/nofp/crt0.o
LOAD ./Core/Src/main.o
LOAD ./Core/Src/stm32c0xx_it.o
LOAD ./Core/Src/syscalls.o
LOAD ./Core/Src/sysmem.o
LOAD ./Core/Src/system_stm32c0xx.o
LOAD ./Core/Startup/startup_stm32c031c6tx.o
LOAD ./Drivers/STM32C0xx_HAL_Driver/Src/stm32c0xx_ll_exti.o
LOAD ./Drivers/STM32C0xx_HAL_Driver/Src/stm32c0xx_ll_gpio.o
LOAD ./Drivers/STM32C0xx_HAL_Driver/Src/stm32c0xx_ll_pwr.o
LOAD ./Drivers/STM32C0xx_HAL_Driver/Src/stm32c0xx_ll_rcc.o
LOAD ./Drivers/STM32C0xx_HAL_Driver/Src/stm32c0xx_ll_utils.o
START GROUP
LOAD C:/ST/STM32CubeIDE_1.14.1/STM32CubeIDE/plugins/com.st.stm32cube.ide.mcu.externaltools.gnu-tools-for-stm32.11.3.rel1.win32_1.1.100.202309141235/tools/bin/../lib/gcc/arm-none-eabi/11.3.1/../../../../arm-none-eabi/lib/thumb/v6-m/nofp\libc_nano.a
LOAD C:/ST/STM32CubeIDE_1.14.1/STM32CubeIDE/plugins/com.st.stm32cube.ide.mcu.externaltools.gnu-tools-for-stm32.11.3.rel1.win32_1.1.100.202309141235/tools/bin/../lib/gcc/arm-none-eabi/11.3.1/../../../../arm-none-eabi/lib/thumb/v6-m/nofp\libm.a
END GROUP
START GROUP
LOAD C:/ST/STM32CubeIDE_1.14.1/STM32CubeIDE/plugins/com.st.stm32cube.ide.mcu.externaltools.gnu-tools-for-stm32.11.3.rel1.win32_1.1.100.202309141235/tools/bin/../lib/gcc/arm-none-eabi/11.3.1/thumb/v6-m/nofp\libgcc.a
LOAD C:/ST/STM32CubeIDE_1.14.1/STM32CubeIDE/plugins/com.st.stm32cube.ide.mcu.externaltools.gnu-tools-for-stm32.11.3.rel1.win32_1.1.100.202309141235/tools/bin/../lib/gcc/arm-none-eabi/11.3.1/../../../../arm-none-eabi/lib/thumb/v6-m/nofp\libc_nano.a
END GROUP
START GROUP
LOAD C:/ST/STM32CubeIDE_1.14.1/STM32CubeIDE/plugins/com.st.stm32cube.ide.mcu.externaltools.gnu-tools-for-stm32.11.3.rel1.win32_1.1.100.202309141235/tools/bin/../lib/gcc/arm-none-eabi/11.3.1/thumb/v6-m/nofp\libgcc.a
LOAD C:/ST/STM32CubeIDE_1.14.1/STM32CubeIDE/plugins/com.st.stm32cube.ide.mcu.externaltools.gnu-tools-for-stm32.11.3.rel1.win32_1.1.100.202309141235/tools/bin/../lib/gcc/arm-none-eabi/11.3.1/../../../../arm-none-eabi/lib/thumb/v6-m/nofp\libc_nano.a
LOAD C:/ST/STM32CubeIDE_1.14.1/STM32CubeIDE/plugins/com.st.stm32cube.ide.mcu.externaltools.gnu-tools-for-stm32.11.3.rel1.win32_1.1.100.202309141235/tools/bin/../lib/gcc/arm-none-eabi/11.3.1/../../../../arm-none-eabi/lib/thumb/v6-m/nofp\libnosys.a
END GROUP
START GROUP
LOAD C:/ST/STM32CubeIDE_1.14.1/STM32CubeIDE/plugins/com.st.stm32cube.ide.mcu.externaltools.gnu-tools-for-stm32.11.3.rel1.win32_1.1.100.202309141235/tools/bin/../lib/gcc/arm-none-eabi/11.3.1/thumb/v6-m/nofp\libgcc.a
LOAD C:/ST/STM32CubeIDE_1.14.1/STM32CubeIDE/plugins/com.st.stm32cube.ide.mcu.externaltools.gnu-tools-for-stm32.11.3.rel1.win32_1.1.100.202309141235/tools/bin/../lib/gcc/arm-none-eabi/11.3.1/../../../../arm-none-eabi/lib/thumb/v6-m/nofp\libc_nano.a
LOAD C:/ST/STM32CubeIDE_1.14.1/STM32CubeIDE/plugins/com.st.stm32cube.ide.mcu.externaltools.gnu-tools-for-stm32.11.3.rel1.win32_1.1.100.202309141235/tools/bin/../lib/gcc/arm-none-eabi/11.3.1/../../../../arm-none-eabi/lib/thumb/v6-m/nofp\libnosys.a
END GROUP
LOAD C:/ST/STM32CubeIDE_1.14.1/STM32CubeIDE/plugins/com.st.stm32cube.ide.mcu.externaltools.gnu-tools-for-stm32.11.3.rel1.win32_1.1.100.202309141235/tools/bin/../lib/gcc/arm-none-eabi/11.3.1/thumb/v6-m/nofp/crtend.o
LOAD C:/ST/STM32CubeIDE_1.14.1/STM32CubeIDE/plugins/com.st.stm32cube.ide.mcu.externaltools.gnu-tools-for-stm32.11.3.rel1.win32_1.1.100.202309141235/tools/bin/../lib/gcc/arm-none-eabi/11.3.1/thumb/v6-m/nofp/crtn.o
                0x0000000020003000                _estack = (ORIGIN (RAM) + LENGTH (RAM))
                0x0000000000000200                _Min_Heap_Size = 0x200
                0x0000000000000400                _Min_Stack_Size = 0x400

.isr_vector     0x0000000008000000       0xc0
                0x0000000008000000                . = ALIGN (0x4)
 *(.isr_vector)
 .isr_vector    0x0000000008000000       0xc0 ./Core/Startup/startup_stm32c031c6tx.o
                0x0000000008000000                g_pfnVectors
                0x00000000080000c0                . = ALIGN (0x4)

.text           0x00000000080000c0      0xd58
                0x00000000080000c0                . = ALIGN (0x4)
 *(.text)
 .text          0x00000000080000c0       0x48 C:/ST/STM32CubeIDE_1.14.1/STM32CubeIDE/plugins/com.st.stm32cube.ide.mcu.externaltools.gnu-tools-for-stm32.11.3.rel1.win32_1.1.100.202309141235/tools/bin/../lib/gcc/arm-none-eabi/11.3.1/thumb/v6-m/nofp/crtbegin.o
 .text          0x0000000008000108      0x114 C:/ST/STM32CubeIDE_1.14.1/STM32CubeIDE/plugins/com.st.stm32cube.ide.mcu.externaltools.gnu-tools-for-stm32.11.3.rel1.win32_1.1.100.202309141235/tools/bin/../lib/gcc/arm-none-eabi/11.3.1/thumb/v6-m/nofp\libgcc.a(_udivsi3.o)
                0x0000000008000108                __aeabi_uidiv
                0x0000000008000108                __udivsi3
                0x0000000008000214                __aeabi_uidivmod
 .text          0x000000000800021c        0x4 C:/ST/STM32CubeIDE_1.14.1/STM32CubeIDE/plugins/com.st.stm32cube.ide.mcu.externaltools.gnu-tools-for-stm32.11.3.rel1.win32_1.1.100.202309141235/tools/bin/../lib/gcc/arm-none-eabi/11.3.1/thumb/v6-m/nofp\libgcc.a(_dvmd_tls.o)
                0x000000000800021c                __aeabi_idiv0
                0x000000000800021c                __aeabi_ldiv0
 .text          0x0000000008000220       0x3c C:/ST/STM32CubeIDE_1.14.1/STM32CubeIDE/plugins/com.st.stm32cube.ide.mcu.externaltools.gnu-tools-for-stm32.11.3.rel1.win32_1.1.100.202309141235/tools/bin/../lib/gcc/arm-none-eabi/11.3.1/thumb/v6-m/nofp\libgcc.a(_clzsi2.o)
                0x0000000008000220                __clzsi2
 *(.text*)
 .text.__NVIC_SetPriority
                0x000000000800025c       0xdc ./Core/Src/main.o
 .text.LL_RCC_HSI_Enable
                0x0000000008000338       0x1c ./Core/Src/main.o
 .text.LL_RCC_HSI_IsReady
                0x0000000008000354       0x28 ./Core/Src/main.o
 .text.LL_RCC_HSI_SetCalibTrimming
                0x000000000800037c       0x2c ./Core/Src/main.o
 .text.LL_RCC_SetSysClkSource
                0x00000000080003a8       0x28 ./Core/Src/main.o
 .text.LL_RCC_GetSysClkSource
                0x00000000080003d0       0x18 ./Core/Src/main.o
 .text.LL_RCC_SetAHBPrescaler
                0x00000000080003e8       0x2c ./Core/Src/main.o
 .text.LL_RCC_SetAPB1Prescaler
                0x0000000008000414       0x2c ./Core/Src/main.o
 .text.LL_RCC_SetHSIDiv
                0x0000000008000440       0x2c ./Core/Src/main.o
 .text.LL_APB1_GRP1_EnableClock
                0x000000000800046c       0x2c ./Core/Src/main.o
 .text.LL_APB2_GRP1_EnableClock
                0x0000000008000498       0x2c ./Core/Src/main.o
 .text.LL_IOP_GRP1_EnableClock
                0x00000000080004c4       0x2c ./Core/Src/main.o
 .text.LL_GPIO_ResetOutputPin
                0x00000000080004f0       0x18 ./Core/Src/main.o
 .text.LL_GPIO_TogglePin
                0x0000000008000508       0x2e ./Core/Src/main.o
 .text.main     0x0000000008000536       0x3c ./Core/Src/main.o
                0x0000000008000536                main
 *fill*         0x0000000008000572        0x2 
 .text.SystemClock_Config
                0x0000000008000574       0x5c ./Core/Src/main.o
                0x0000000008000574                SystemClock_Config
 .text.MX_GPIO_Init
                0x00000000080005d0       0x5a ./Core/Src/main.o
 .text.NMI_Handler
                0x000000000800062a        0x6 ./Core/Src/stm32c0xx_it.o
                0x000000000800062a                NMI_Handler
 .text.HardFault_Handler
                0x0000000008000630        0x6 ./Core/Src/stm32c0xx_it.o
                0x0000000008000630                HardFault_Handler
 .text.SVC_Handler
                0x0000000008000636        0xa ./Core/Src/stm32c0xx_it.o
                0x0000000008000636                SVC_Handler
 .text.PendSV_Handler
                0x0000000008000640        0xa ./Core/Src/stm32c0xx_it.o
                0x0000000008000640                PendSV_Handler
 .text.SysTick_Handler
                0x000000000800064a        0xa ./Core/Src/stm32c0xx_it.o
                0x000000000800064a                SysTick_Handler
 .text.SystemInit
                0x0000000008000654       0x18 ./Core/Src/system_stm32c0xx.o
                0x0000000008000654                SystemInit
 .text.Reset_Handler
                0x000000000800066c       0x50 ./Core/Startup/startup_stm32c031c6tx.o
                0x000000000800066c                Reset_Handler
 .text.Default_Handler
                0x00000000080006bc        0x2 ./Core/Startup/startup_stm32c031c6tx.o
                0x00000000080006bc                TIM1_CC_IRQHandler
                0x00000000080006bc                I2C1_IRQHandler
                0x00000000080006bc                DMAMUX1_IRQHandler
                0x00000000080006bc                SPI1_IRQHandler
                0x00000000080006bc                EXTI2_3_IRQHandler
                0x00000000080006bc                ADC1_IRQHandler
                0x00000000080006bc                TIM17_IRQHandler
                0x00000000080006bc                RTC_IRQHandler
                0x00000000080006bc                TIM16_IRQHandler
                0x00000000080006bc                TIM3_IRQHandler
                0x00000000080006bc                EXTI4_15_IRQHandler
                0x00000000080006bc                RCC_IRQHandler
                0x00000000080006bc                DMA1_Channel1_IRQHandler
                0x00000000080006bc                Default_Handler
                0x00000000080006bc                TIM14_IRQHandler
                0x00000000080006bc                EXTI0_1_IRQHandler
                0x00000000080006bc                WWDG_IRQHandler
                0x00000000080006bc                DMA1_Channel2_3_IRQHandler
                0x00000000080006bc                USART2_IRQHandler
                0x00000000080006bc                FLASH_IRQHandler
                0x00000000080006bc                USART1_IRQHandler
                0x00000000080006bc                TIM1_BRK_UP_TRG_COM_IRQHandler
 .text.LL_GPIO_SetPinMode
                0x00000000080006be       0xe8 ./Drivers/STM32C0xx_HAL_Driver/Src/stm32c0xx_ll_gpio.o
 .text.LL_GPIO_SetPinOutputType
                0x00000000080007a6       0x2a ./Drivers/STM32C0xx_HAL_Driver/Src/stm32c0xx_ll_gpio.o
 .text.LL_GPIO_SetPinSpeed
                0x00000000080007d0       0xe8 ./Drivers/STM32C0xx_HAL_Driver/Src/stm32c0xx_ll_gpio.o
 .text.LL_GPIO_SetPinPull
                0x00000000080008b8       0xe8 ./Drivers/STM32C0xx_HAL_Driver/Src/stm32c0xx_ll_gpio.o
 .text.LL_GPIO_SetAFPin_0_7
                0x00000000080009a0       0xe8 ./Drivers/STM32C0xx_HAL_Driver/Src/stm32c0xx_ll_gpio.o
 .text.LL_GPIO_SetAFPin_8_15
                0x0000000008000a88       0xec ./Drivers/STM32C0xx_HAL_Driver/Src/stm32c0xx_ll_gpio.o
 .text.LL_GPIO_Init
                0x0000000008000b74      0x17a ./Drivers/STM32C0xx_HAL_Driver/Src/stm32c0xx_ll_gpio.o
                0x0000000008000b74                LL_GPIO_Init
 *fill*         0x0000000008000cee        0x2 
 .text.LL_InitTick
                0x0000000008000cf0       0x34 ./Drivers/STM32C0xx_HAL_Driver/Src/stm32c0xx_ll_utils.o
 .text.LL_Init1msTick
                0x0000000008000d24       0x1e ./Drivers/STM32C0xx_HAL_Driver/Src/stm32c0xx_ll_utils.o
                0x0000000008000d24                LL_Init1msTick
 *fill*         0x0000000008000d42        0x2 
 .text.LL_mDelay
                0x0000000008000d44       0x48 ./Drivers/STM32C0xx_HAL_Driver/Src/stm32c0xx_ll_utils.o
                0x0000000008000d44                LL_mDelay
 .text.LL_SetSystemCoreClock
                0x0000000008000d8c       0x1c ./Drivers/STM32C0xx_HAL_Driver/Src/stm32c0xx_ll_utils.o
                0x0000000008000d8c                LL_SetSystemCoreClock
 .text.memset   0x0000000008000da8       0x10 C:/ST/STM32CubeIDE_1.14.1/STM32CubeIDE/plugins/com.st.stm32cube.ide.mcu.externaltools.gnu-tools-for-stm32.11.3.rel1.win32_1.1.100.202309141235/tools/bin/../lib/gcc/arm-none-eabi/11.3.1/../../../../arm-none-eabi/lib/thumb/v6-m/nofp\libc_nano.a(libc_a-memset.o)
                0x0000000008000da8                memset
 .text.__libc_init_array
                0x0000000008000db8       0x48 C:/ST/STM32CubeIDE_1.14.1/STM32CubeIDE/plugins/com.st.stm32cube.ide.mcu.externaltools.gnu-tools-for-stm32.11.3.rel1.win32_1.1.100.202309141235/tools/bin/../lib/gcc/arm-none-eabi/11.3.1/../../../../arm-none-eabi/lib/thumb/v6-m/nofp\libc_nano.a(libc_a-init.o)
                0x0000000008000db8                __libc_init_array
 *(.glue_7)
 .glue_7        0x0000000008000e00        0x0 linker stubs
 *(.glue_7t)
 .glue_7t       0x0000000008000e00        0x0 linker stubs
 *(.eh_frame)
 .eh_frame      0x0000000008000e00        0x0 C:/ST/STM32CubeIDE_1.14.1/STM32CubeIDE/plugins/com.st.stm32cube.ide.mcu.externaltools.gnu-tools-for-stm32.11.3.rel1.win32_1.1.100.202309141235/tools/bin/../lib/gcc/arm-none-eabi/11.3.1/thumb/v6-m/nofp/crtbegin.o
 *(.init)
 .init          0x0000000008000e00        0x4 C:/ST/STM32CubeIDE_1.14.1/STM32CubeIDE/plugins/com.st.stm32cube.ide.mcu.externaltools.gnu-tools-for-stm32.11.3.rel1.win32_1.1.100.202309141235/tools/bin/../lib/gcc/arm-none-eabi/11.3.1/thumb/v6-m/nofp/crti.o
                0x0000000008000e00                _init
 .init          0x0000000008000e04        0x8 C:/ST/STM32CubeIDE_1.14.1/STM32CubeIDE/plugins/com.st.stm32cube.ide.mcu.externaltools.gnu-tools-for-stm32.11.3.rel1.win32_1.1.100.202309141235/tools/bin/../lib/gcc/arm-none-eabi/11.3.1/thumb/v6-m/nofp/crtn.o
 *(.fini)
 .fini          0x0000000008000e0c        0x4 C:/ST/STM32CubeIDE_1.14.1/STM32CubeIDE/plugins/com.st.stm32cube.ide.mcu.externaltools.gnu-tools-for-stm32.11.3.rel1.win32_1.1.100.202309141235/tools/bin/../lib/gcc/arm-none-eabi/11.3.1/thumb/v6-m/nofp/crti.o
                0x0000000008000e0c                _fini
 .fini          0x0000000008000e10        0x8 C:/ST/STM32CubeIDE_1.14.1/STM32CubeIDE/plugins/com.st.stm32cube.ide.mcu.externaltools.gnu-tools-for-stm32.11.3.rel1.win32_1.1.100.202309141235/tools/bin/../lib/gcc/arm-none-eabi/11.3.1/thumb/v6-m/nofp/crtn.o
                0x0000000008000e18                . = ALIGN (0x4)
                0x0000000008000e18                _etext = .

.vfp11_veneer   0x0000000008000e18        0x0
 .vfp11_veneer  0x0000000008000e18        0x0 linker stubs

.v4_bx          0x0000000008000e18        0x0
 .v4_bx         0x0000000008000e18        0x0 linker stubs

.iplt           0x0000000008000e18        0x0
 .iplt          0x0000000008000e18        0x0 C:/ST/STM32CubeIDE_1.14.1/STM32CubeIDE/plugins/com.st.stm32cube.ide.mcu.externaltools.gnu-tools-for-stm32.11.3.rel1.win32_1.1.100.202309141235/tools/bin/../lib/gcc/arm-none-eabi/11.3.1/thumb/v6-m/nofp/crtbegin.o

.rel.dyn        0x0000000008000e18        0x0
 .rel.iplt      0x0000000008000e18        0x0 C:/ST/STM32CubeIDE_1.14.1/STM32CubeIDE/plugins/com.st.stm32cube.ide.mcu.externaltools.gnu-tools-for-stm32.11.3.rel1.win32_1.1.100.202309141235/tools/bin/../lib/gcc/arm-none-eabi/11.3.1/thumb/v6-m/nofp/crtbegin.o

.rodata         0x0000000008000e18        0x0
                0x0000000008000e18                . = ALIGN (0x4)
 *(.rodata)
 *(.rodata*)
                0x0000000008000e18                . = ALIGN (0x4)

.ARM.extab      0x0000000008000e18        0x0
                0x0000000008000e18                . = ALIGN (0x4)
 *(.ARM.extab* .gnu.linkonce.armextab.*)
                0x0000000008000e18                . = ALIGN (0x4)

.ARM            0x0000000008000e18        0x0
                0x0000000008000e18                . = ALIGN (0x4)
                0x0000000008000e18                __exidx_start = .
 *(.ARM.exidx*)
                0x0000000008000e18                __exidx_end = .
                0x0000000008000e18                . = ALIGN (0x4)

.preinit_array  0x0000000008000e18        0x0
                0x0000000008000e18                . = ALIGN (0x4)
                0x0000000008000e18                PROVIDE (__preinit_array_start = .)
 *(.preinit_array*)
                0x0000000008000e18                PROVIDE (__preinit_array_end = .)
                0x0000000008000e18                . = ALIGN (0x4)

.init_array     0x0000000008000e18        0x4
                0x0000000008000e18                . = ALIGN (0x4)
                0x0000000008000e18                PROVIDE (__init_array_start = .)
 *(SORT_BY_NAME(.init_array.*))
 *(.init_array*)
 .init_array    0x0000000008000e18        0x4 C:/ST/STM32CubeIDE_1.14.1/STM32CubeIDE/plugins/com.st.stm32cube.ide.mcu.externaltools.gnu-tools-for-stm32.11.3.rel1.win32_1.1.100.202309141235/tools/bin/../lib/gcc/arm-none-eabi/11.3.1/thumb/v6-m/nofp/crtbegin.o
                0x0000000008000e1c                PROVIDE (__init_array_end = .)
                0x0000000008000e1c                . = ALIGN (0x4)

.fini_array     0x0000000008000e1c        0x4
                0x0000000008000e1c                . = ALIGN (0x4)
                [!provide]                        PROVIDE (__fini_array_start = .)
 *(SORT_BY_NAME(.fini_array.*))
 *(.fini_array*)
 .fini_array    0x0000000008000e1c        0x4 C:/ST/STM32CubeIDE_1.14.1/STM32CubeIDE/plugins/com.st.stm32cube.ide.mcu.externaltools.gnu-tools-for-stm32.11.3.rel1.win32_1.1.100.202309141235/tools/bin/../lib/gcc/arm-none-eabi/11.3.1/thumb/v6-m/nofp/crtbegin.o
                [!provide]                        PROVIDE (__fini_array_end = .)
                0x0000000008000e20                . = ALIGN (0x4)
                0x0000000008000e20                _sidata = LOADADDR (.data)

.data           0x0000000020000000        0x4 load address 0x0000000008000e20
                0x0000000020000000                . = ALIGN (0x4)
                0x0000000020000000                _sdata = .
 *(.data)
 *(.data*)
 .data.SystemCoreClock
                0x0000000020000000        0x4 ./Core/Src/system_stm32c0xx.o
                0x0000000020000000                SystemCoreClock
 *(.RamFunc)
 *(.RamFunc*)
                0x0000000020000004                . = ALIGN (0x4)
                0x0000000020000004                _edata = .

.igot.plt       0x0000000020000004        0x0 load address 0x0000000008000e24
 .igot.plt      0x0000000020000004        0x0 C:/ST/STM32CubeIDE_1.14.1/STM32CubeIDE/plugins/com.st.stm32cube.ide.mcu.externaltools.gnu-tools-for-stm32.11.3.rel1.win32_1.1.100.202309141235/tools/bin/../lib/gcc/arm-none-eabi/11.3.1/thumb/v6-m/nofp/crtbegin.o
                0x0000000020000004                . = ALIGN (0x4)

.bss            0x0000000020000004       0x1c load address 0x0000000008000e24
                0x0000000020000004                _sbss = .
                0x0000000020000004                __bss_start__ = _sbss
 *(.bss)
 .bss           0x0000000020000004       0x1c C:/ST/STM32CubeIDE_1.14.1/STM32CubeIDE/plugins/com.st.stm32cube.ide.mcu.externaltools.gnu-tools-for-stm32.11.3.rel1.win32_1.1.100.202309141235/tools/bin/../lib/gcc/arm-none-eabi/11.3.1/thumb/v6-m/nofp/crtbegin.o
 *(.bss*)
 *(COMMON)
                0x0000000020000020                . = ALIGN (0x4)
                0x0000000020000020                _ebss = .
                0x0000000020000020                __bss_end__ = _ebss

._user_heap_stack
                0x0000000020000020      0x600 load address 0x0000000008000e24
                0x0000000020000020                . = ALIGN (0x8)
                [!provide]                        PROVIDE (end = .)
                0x0000000020000020                PROVIDE (_end = .)
                0x0000000020000220                . = (. + _Min_Heap_Size)
 *fill*         0x0000000020000020      0x200 
                0x0000000020000620                . = (. + _Min_Stack_Size)
 *fill*         0x0000000020000220      0x400 
                0x0000000020000620                . = ALIGN (0x8)

/DISCARD/
 libc.a(*)
 libm.a(*)
 libgcc.a(*)

.ARM.attributes
                0x0000000000000000       0x28
 *(.ARM.attributes)
 .ARM.attributes
                0x0000000000000000       0x1e C:/ST/STM32CubeIDE_1.14.1/STM32CubeIDE/plugins/com.st.stm32cube.ide.mcu.externaltools.gnu-tools-for-stm32.11.3.rel1.win32_1.1.100.202309141235/tools/bin/../lib/gcc/arm-none-eabi/11.3.1/thumb/v6-m/nofp/crti.o
 .ARM.attributes
                0x000000000000001e       0x2c C:/ST/STM32CubeIDE_1.14.1/STM32CubeIDE/plugins/com.st.stm32cube.ide.mcu.externaltools.gnu-tools-for-stm32.11.3.rel1.win32_1.1.100.202309141235/tools/bin/../lib/gcc/arm-none-eabi/11.3.1/thumb/v6-m/nofp/crtbegin.o
 .ARM.attributes
                0x000000000000004a       0x2c ./Core/Src/main.o
 .ARM.attributes
                0x0000000000000076       0x2c ./Core/Src/stm32c0xx_it.o
 .ARM.attributes
                0x00000000000000a2       0x2c ./Core/Src/system_stm32c0xx.o
 .ARM.attributes
                0x00000000000000ce       0x22 ./Core/Startup/startup_stm32c031c6tx.o
 .ARM.attributes
                0x00000000000000f0       0x2c ./Drivers/STM32C0xx_HAL_Driver/Src/stm32c0xx_ll_gpio.o
 .ARM.attributes
                0x000000000000011c       0x2c ./Drivers/STM32C0xx_HAL_Driver/Src/stm32c0xx_ll_utils.o
 .ARM.attributes
                0x0000000000000148       0x2c C:/ST/STM32CubeIDE_1.14.1/STM32CubeIDE/plugins/com.st.stm32cube.ide.mcu.externaltools.gnu-tools-for-stm32.11.3.rel1.win32_1.1.100.202309141235/tools/bin/../lib/gcc/arm-none-eabi/11.3.1/../../../../arm-none-eabi/lib/thumb/v6-m/nofp\libc_nano.a(libc_a-memset.o)
 .ARM.attributes
                0x0000000000000174       0x2c C:/ST/STM32CubeIDE_1.14.1/STM32CubeIDE/plugins/com.st.stm32cube.ide.mcu.externaltools.gnu-tools-for-stm32.11.3.rel1.win32_1.1.100.202309141235/tools/bin/../lib/gcc/arm-none-eabi/11.3.1/../../../../arm-none-eabi/lib/thumb/v6-m/nofp\libc_nano.a(libc_a-init.o)
 .ARM.attributes
                0x00000000000001a0       0x1e C:/ST/STM32CubeIDE_1.14.1/STM32CubeIDE/plugins/com.st.stm32cube.ide.mcu.externaltools.gnu-tools-for-stm32.11.3.rel1.win32_1.1.100.202309141235/tools/bin/../lib/gcc/arm-none-eabi/11.3.1/thumb/v6-m/nofp\libgcc.a(_udivsi3.o)
 .ARM.attributes
                0x00000000000001be       0x1e C:/ST/STM32CubeIDE_1.14.1/STM32CubeIDE/plugins/com.st.stm32cube.ide.mcu.externaltools.gnu-tools-for-stm32.11.3.rel1.win32_1.1.100.202309141235/tools/bin/../lib/gcc/arm-none-eabi/11.3.1/thumb/v6-m/nofp\libgcc.a(_dvmd_tls.o)
 .ARM.attributes
                0x00000000000001dc       0x1e C:/ST/STM32CubeIDE_1.14.1/STM32CubeIDE/plugins/com.st.stm32cube.ide.mcu.externaltools.gnu-tools-for-stm32.11.3.rel1.win32_1.1.100.202309141235/tools/bin/../lib/gcc/arm-none-eabi/11.3.1/thumb/v6-m/nofp\libgcc.a(_clzsi2.o)
 .ARM.attributes
                0x00000000000001fa       0x1e C:/ST/STM32CubeIDE_1.14.1/STM32CubeIDE/plugins/com.st.stm32cube.ide.mcu.externaltools.gnu-tools-for-stm32.11.3.rel1.win32_1.1.100.202309141235/tools/bin/../lib/gcc/arm-none-eabi/11.3.1/thumb/v6-m/nofp/crtn.o
OUTPUT(stm32c0-ll.elf elf32-littlearm)
LOAD linker stubs
LOAD C:/ST/STM32CubeIDE_1.14.1/STM32CubeIDE/plugins/com.st.stm32cube.ide.mcu.externaltools.gnu-tools-for-stm32.11.3.rel1.win32_1.1.100.202309141235/tools/bin/../lib/gcc/arm-none-eabi/11.3.1/../../../../arm-none-eabi/lib/thumb/v6-m/nofp\libc.a
LOAD C:/ST/STM32CubeIDE_1.14.1/STM32CubeIDE/plugins/com.st.stm32cube.ide.mcu.externaltools.gnu-tools-for-stm32.11.3.rel1.win32_1.1.100.202309141235/tools/bin/../lib/gcc/arm-none-eabi/11.3.1/../../../../arm-none-eabi/lib/thumb/v6-m/nofp\libm.a
LOAD C:/ST/STM32CubeIDE_1.14.1/STM32CubeIDE/plugins/com.st.stm32cube.ide.mcu.externaltools.gnu-tools-for-stm32.11.3.rel1.win32_1.1.100.202309141235/tools/bin/../lib/gcc/arm-none-eabi/11.3.1/thumb/v6-m/nofp\libgcc.a

.comment        0x0000000000000000       0x43
 .comment       0x0000000000000000       0x43 C:/ST/STM32CubeIDE_1.14.1/STM32CubeIDE/plugins/com.st.stm32cube.ide.mcu.externaltools.gnu-tools-for-stm32.11.3.rel1.win32_1.1.100.202309141235/tools/bin/../lib/gcc/arm-none-eabi/11.3.1/thumb/v6-m/nofp/crtbegin.o
                                         0x44 (size before relaxing)
 .comment       0x0000000000000043       0x44 ./Core/Src/main.o
 .comment       0x0000000000000043       0x44 ./Core/Src/stm32c0xx_it.o
 .comment       0x0000000000000043       0x44 ./Core/Src/system_stm32c0xx.o
 .comment       0x0000000000000043       0x44 ./Drivers/STM32C0xx_HAL_Driver/Src/stm32c0xx_ll_gpio.o
 .comment       0x0000000000000043       0x44 ./Drivers/STM32C0xx_HAL_Driver/Src/stm32c0xx_ll_utils.o

.debug_info     0x0000000000000000     0x1a01
 .debug_info    0x0000000000000000      0x8eb ./Core/Src/main.o
 .debug_info    0x00000000000008eb      0x105 ./Core/Src/stm32c0xx_it.o
 .debug_info    0x00000000000009f0      0x361 ./Core/Src/system_stm32c0xx.o
 .debug_info    0x0000000000000d51       0x23 ./Core/Startup/startup_stm32c031c6tx.o
 .debug_info    0x0000000000000d74      0x93d ./Drivers/STM32C0xx_HAL_Driver/Src/stm32c0xx_ll_gpio.o
 .debug_info    0x00000000000016b1      0x350 ./Drivers/STM32C0xx_HAL_Driver/Src/stm32c0xx_ll_utils.o

.debug_abbrev   0x0000000000000000      0x872
 .debug_abbrev  0x0000000000000000      0x284 ./Core/Src/main.o
 .debug_abbrev  0x0000000000000284       0x80 ./Core/Src/stm32c0xx_it.o
 .debug_abbrev  0x0000000000000304      0x117 ./Core/Src/system_stm32c0xx.o
 .debug_abbrev  0x000000000000041b       0x12 ./Core/Startup/startup_stm32c031c6tx.o
 .debug_abbrev  0x000000000000042d      0x260 ./Drivers/STM32C0xx_HAL_Driver/Src/stm32c0xx_ll_gpio.o
 .debug_abbrev  0x000000000000068d      0x1e5 ./Drivers/STM32C0xx_HAL_Driver/Src/stm32c0xx_ll_utils.o

.debug_aranges  0x0000000000000000      0x1f8
 .debug_aranges
                0x0000000000000000       0xa8 ./Core/Src/main.o
 .debug_aranges
                0x00000000000000a8       0x40 ./Core/Src/stm32c0xx_it.o
 .debug_aranges
                0x00000000000000e8       0x28 ./Core/Src/system_stm32c0xx.o
 .debug_aranges
                0x0000000000000110       0x28 ./Core/Startup/startup_stm32c031c6tx.o
 .debug_aranges
                0x0000000000000138       0x70 ./Drivers/STM32C0xx_HAL_Driver/Src/stm32c0xx_ll_gpio.o
 .debug_aranges
                0x00000000000001a8       0x50 ./Drivers/STM32C0xx_HAL_Driver/Src/stm32c0xx_ll_utils.o

.debug_rnglists
                0x0000000000000000      0x166
 .debug_rnglists
                0x0000000000000000       0x7a ./Core/Src/main.o
 .debug_rnglists
                0x000000000000007a       0x2b ./Core/Src/stm32c0xx_it.o
 .debug_rnglists
                0x00000000000000a5       0x1a ./Core/Src/system_stm32c0xx.o
 .debug_rnglists
                0x00000000000000bf       0x19 ./Core/Startup/startup_stm32c031c6tx.o
 .debug_rnglists
                0x00000000000000d8       0x56 ./Drivers/STM32C0xx_HAL_Driver/Src/stm32c0xx_ll_gpio.o
 .debug_rnglists
                0x000000000000012e       0x38 ./Drivers/STM32C0xx_HAL_Driver/Src/stm32c0xx_ll_utils.o

.debug_macro    0x0000000000000000     0xc727
 .debug_macro   0x0000000000000000      0x138 ./Core/Src/main.o
 .debug_macro   0x0000000000000138      0xac0 ./Core/Src/main.o
 .debug_macro   0x0000000000000bf8       0x2e ./Core/Src/main.o
 .debug_macro   0x0000000000000c26       0x28 ./Core/Src/main.o
 .debug_macro   0x0000000000000c4e       0x22 ./Core/Src/main.o
 .debug_macro   0x0000000000000c70       0x8e ./Core/Src/main.o
 .debug_macro   0x0000000000000cfe       0x51 ./Core/Src/main.o
 .debug_macro   0x0000000000000d4f      0x103 ./Core/Src/main.o
 .debug_macro   0x0000000000000e52       0x6a ./Core/Src/main.o
 .debug_macro   0x0000000000000ebc      0x1df ./Core/Src/main.o
 .debug_macro   0x000000000000109b       0x1c ./Core/Src/main.o
 .debug_macro   0x00000000000010b7       0x22 ./Core/Src/main.o
 .debug_macro   0x00000000000010d9       0xd1 ./Core/Src/main.o
 .debug_macro   0x00000000000011aa      0x4da ./Core/Src/main.o
 .debug_macro   0x0000000000001684      0x11f ./Core/Src/main.o
 .debug_macro   0x00000000000017a3     0x95f1 ./Core/Src/main.o
 .debug_macro   0x000000000000ad94       0x6c ./Core/Src/main.o
 .debug_macro   0x000000000000ae00      0x368 ./Core/Src/main.o
 .debug_macro   0x000000000000b168       0xb2 ./Core/Src/main.o
 .debug_macro   0x000000000000b21a      0x14f ./Core/Src/main.o
 .debug_macro   0x000000000000b369      0x161 ./Core/Src/main.o
 .debug_macro   0x000000000000b4ca      0x179 ./Core/Src/main.o
 .debug_macro   0x000000000000b643       0x5f ./Core/Src/main.o
 .debug_macro   0x000000000000b6a2      0x14a ./Core/Src/main.o
 .debug_macro   0x000000000000b7ec      0x2c2 ./Core/Src/main.o
 .debug_macro   0x000000000000baae      0x185 ./Core/Src/main.o
 .debug_macro   0x000000000000bc33      0x166 ./Core/Src/main.o
 .debug_macro   0x000000000000bd99       0x22 ./Core/Src/main.o
 .debug_macro   0x000000000000bdbb      0x142 ./Core/Src/stm32c0xx_it.o
 .debug_macro   0x000000000000befd       0xc9 ./Core/Src/system_stm32c0xx.o
 .debug_macro   0x000000000000bfc6      0x105 ./Drivers/STM32C0xx_HAL_Driver/Src/stm32c0xx_ll_gpio.o
 .debug_macro   0x000000000000c0cb      0x160 ./Drivers/STM32C0xx_HAL_Driver/Src/stm32c0xx_ll_gpio.o
 .debug_macro   0x000000000000c22b      0x135 ./Drivers/STM32C0xx_HAL_Driver/Src/stm32c0xx_ll_utils.o
 .debug_macro   0x000000000000c360       0x59 ./Drivers/STM32C0xx_HAL_Driver/Src/stm32c0xx_ll_utils.o
 .debug_macro   0x000000000000c3b9      0x36e ./Drivers/STM32C0xx_HAL_Driver/Src/stm32c0xx_ll_utils.o

.debug_line     0x0000000000000000     0x2517
 .debug_line    0x0000000000000000      0x8b9 ./Core/Src/main.o
 .debug_line    0x00000000000008b9      0x675 ./Core/Src/stm32c0xx_it.o
 .debug_line    0x0000000000000f2e      0x542 ./Core/Src/system_stm32c0xx.o
 .debug_line    0x0000000000001470       0x7d ./Core/Startup/startup_stm32c031c6tx.o
 .debug_line    0x00000000000014ed      0x98f ./Drivers/STM32C0xx_HAL_Driver/Src/stm32c0xx_ll_gpio.o
 .debug_line    0x0000000000001e7c      0x69b ./Drivers/STM32C0xx_HAL_Driver/Src/stm32c0xx_ll_utils.o

.debug_str      0x0000000000000000    0x44ba7
 .debug_str     0x0000000000000000    0x43c2d ./Core/Src/main.o
                                      0x43dec (size before relaxing)
 .debug_str     0x0000000000043c2d       0x76 ./Core/Src/stm32c0xx_it.o
                                      0x4392b (size before relaxing)
 .debug_str     0x0000000000043ca3       0x78 ./Core/Src/system_stm32c0xx.o
                                      0x3cafb (size before relaxing)
 .debug_str     0x0000000000043d1b       0x34 ./Core/Startup/startup_stm32c031c6tx.o
                                         0x90 (size before relaxing)
 .debug_str     0x0000000000043d4f      0x687 ./Drivers/STM32C0xx_HAL_Driver/Src/stm32c0xx_ll_gpio.o
                                      0x3de60 (size before relaxing)
 .debug_str     0x00000000000443d6      0x7d1 ./Drivers/STM32C0xx_HAL_Driver/Src/stm32c0xx_ll_utils.o
                                      0x3ffe6 (size before relaxing)

.debug_frame    0x0000000000000000      0x5e8
 .debug_frame   0x0000000000000000      0x238 ./Core/Src/main.o
 .debug_frame   0x0000000000000238       0x9c ./Core/Src/stm32c0xx_it.o
 .debug_frame   0x00000000000002d4       0x4c ./Core/Src/system_stm32c0xx.o
 .debug_frame   0x0000000000000320      0x170 ./Drivers/STM32C0xx_HAL_Driver/Src/stm32c0xx_ll_gpio.o
 .debug_frame   0x0000000000000490       0xec ./Drivers/STM32C0xx_HAL_Driver/Src/stm32c0xx_ll_utils.o
 .debug_frame   0x000000000000057c       0x20 C:/ST/STM32CubeIDE_1.14.1/STM32CubeIDE/plugins/com.st.stm32cube.ide.mcu.externaltools.gnu-tools-for-stm32.11.3.rel1.win32_1.1.100.202309141235/tools/bin/../lib/gcc/arm-none-eabi/11.3.1/../../../../arm-none-eabi/lib/thumb/v6-m/nofp\libc_nano.a(libc_a-memset.o)
 .debug_frame   0x000000000000059c       0x2c C:/ST/STM32CubeIDE_1.14.1/STM32CubeIDE/plugins/com.st.stm32cube.ide.mcu.externaltools.gnu-tools-for-stm32.11.3.rel1.win32_1.1.100.202309141235/tools/bin/../lib/gcc/arm-none-eabi/11.3.1/../../../../arm-none-eabi/lib/thumb/v6-m/nofp\libc_nano.a(libc_a-init.o)
 .debug_frame   0x00000000000005c8       0x20 C:/ST/STM32CubeIDE_1.14.1/STM32CubeIDE/plugins/com.st.stm32cube.ide.mcu.externaltools.gnu-tools-for-stm32.11.3.rel1.win32_1.1.100.202309141235/tools/bin/../lib/gcc/arm-none-eabi/11.3.1/thumb/v6-m/nofp\libgcc.a(_udivsi3.o)

.debug_line_str
                0x0000000000000000       0x84
 .debug_line_str
                0x0000000000000000       0x84 ./Core/Startup/startup_stm32c031c6tx.o
                                         0x9c (size before relaxing)
