../Drivers/CMSIS/Include/core_cm0plus.h:850:22:__NVIC_SetPriority	2
../Drivers/STM32C0xx_HAL_Driver/Inc/stm32c0xx_ll_rcc.h:677:22:LL_RCC_HSI_Enable	1
../Drivers/STM32C0xx_HAL_Driver/Inc/stm32c0xx_ll_rcc.h:735:26:LL_RCC_HSI_IsReady	2
../Drivers/STM32C0xx_HAL_Driver/Inc/stm32c0xx_ll_rcc.h:761:22:LL_RCC_HSI_SetCalibTrimming	1
../Drivers/STM32C0xx_HAL_Driver/Inc/stm32c0xx_ll_rcc.h:1005:22:LL_RCC_SetSysClkSource	1
../Drivers/STM32C0xx_HAL_Driver/Inc/stm32c0xx_ll_rcc.h:1019:26:LL_RCC_GetSysClkSource	1
../Drivers/STM32C0xx_HAL_Driver/Inc/stm32c0xx_ll_rcc.h:1039:22:LL_RCC_SetAHBPrescaler	1
../Drivers/STM32C0xx_HAL_Driver/Inc/stm32c0xx_ll_rcc.h:1055:22:LL_RCC_SetAPB1Prescaler	1
../Drivers/STM32C0xx_HAL_Driver/Inc/stm32c0xx_ll_rcc.h:1076:22:LL_RCC_SetHSIDiv	1
../Drivers/STM32C0xx_HAL_Driver/Inc/stm32c0xx_ll_bus.h:298:22:LL_APB1_GRP1_EnableClock	1
../Drivers/STM32C0xx_HAL_Driver/Inc/stm32c0xx_ll_bus.h:478:22:LL_APB2_GRP1_EnableClock	1
../Drivers/STM32C0xx_HAL_Driver/Inc/stm32c0xx_ll_bus.h:672:22:LL_IOP_GRP1_EnableClock	1
../Drivers/STM32C0xx_HAL_Driver/Inc/stm32c0xx_ll_gpio.h:919:22:LL_GPIO_ResetOutputPin	1
../Drivers/STM32C0xx_HAL_Driver/Inc/stm32c0xx_ll_gpio.h:948:22:LL_GPIO_TogglePin	1
../Core/Src/main.c:64:5:main	1
../Core/Src/main.c:115:6:SystemClock_Config	3
../Core/Src/main.c:147:13:MX_GPIO_Init	1
../Core/Src/main.c:179:6:Error_Handler	1
